Archive member included to satisfy reference by file (symbol)

/home/sasquachdm/opt/microchip/avr8-gnu-toolchain-linux_x86_64/bin/../lib/gcc/avr/5.4.0/avrxmega3/libgcc.a(_exit.o)
                              /opt/microchip/mplabx/v5.30/packs/Microchip/ATmega_DFP/2.0.12/gcc/dev/atmega4809/avrxmega3/crtatmega4809.o (exit)
/home/sasquachdm/opt/microchip/avr8-gnu-toolchain-linux_x86_64/bin/../lib/gcc/avr/5.4.0/avrxmega3/libgcc.a(_tablejump2.o)
                              build/default/debug/modbus.o (__tablejump2__)
/home/sasquachdm/opt/microchip/avr8-gnu-toolchain-linux_x86_64/bin/../lib/gcc/avr/5.4.0/avrxmega3/libgcc.a(_copy_data.o)
                              build/default/debug/yaMBSiavr.o (__do_copy_data)
/home/sasquachdm/opt/microchip/avr8-gnu-toolchain-linux_x86_64/bin/../lib/gcc/avr/5.4.0/avrxmega3/libgcc.a(_clear_bss.o)
                              build/default/debug/main.o (__do_clear_bss)

Allocating common symbols
Common symbol       size              file

Inverter            0x27              build/default/debug/inverter.o
Inverter_RX_Error   0x1               build/default/debug/inverter.o
Inverter_last_bytetime
                    0x2               build/default/debug/inverter.o
holdingRegisters    0x8               build/default/debug/modbus.o
inputRegisters      0x8               build/default/debug/modbus.o
rxbuffer            0x100             build/default/debug/modbus.o

Discarded input sections

 .data          0x0000000000000000        0x0 /opt/microchip/mplabx/v5.30/packs/Microchip/ATmega_DFP/2.0.12/gcc/dev/atmega4809/avrxmega3/crtatmega4809.o
 .bss           0x0000000000000000        0x0 /opt/microchip/mplabx/v5.30/packs/Microchip/ATmega_DFP/2.0.12/gcc/dev/atmega4809/avrxmega3/crtatmega4809.o
 .text          0x0000000000000000        0x0 build/default/debug/main.o
 .data          0x0000000000000000        0x0 build/default/debug/main.o
 .bss           0x0000000000000000        0x0 build/default/debug/main.o
 .text          0x0000000000000000        0x0 build/default/debug/inverter.o
 .data          0x0000000000000000        0x0 build/default/debug/inverter.o
 .bss           0x0000000000000000        0x0 build/default/debug/inverter.o
 .text.USART_1_enable
                0x0000000000000000        0xc build/default/debug/inverter.o
 .text.USART_1_enable_rx
                0x0000000000000000        0xc build/default/debug/inverter.o
 .text.USART_1_enable_tx
                0x0000000000000000        0xc build/default/debug/inverter.o
 .text.USART_1_disable
                0x0000000000000000        0xc build/default/debug/inverter.o
 .text.USART_1_get_data
                0x0000000000000000        0x6 build/default/debug/inverter.o
 .text          0x0000000000000000        0x0 build/default/debug/modbus.o
 .data          0x0000000000000000        0x0 build/default/debug/modbus.o
 .bss           0x0000000000000000        0x0 build/default/debug/modbus.o
 .bss.outs      0x0000000000000000        0x1 build/default/debug/modbus.o
 .bss.instate   0x0000000000000000        0x1 build/default/debug/modbus.o
 .text          0x0000000000000000        0x0 build/default/debug/yaMBSiavr.o
 .data          0x0000000000000000        0x0 build/default/debug/yaMBSiavr.o
 .bss           0x0000000000000000        0x0 build/default/debug/yaMBSiavr.o
 .text.modbusGetAddress
                0x0000000000000000        0x6 build/default/debug/yaMBSiavr.o
 .text.listRegisterCopy
                0x0000000000000000       0x24 build/default/debug/yaMBSiavr.o
 .bss.modBusStaMaStates
                0x0000000000000000        0x1 build/default/debug/yaMBSiavr.o
 .text          0x0000000000000000        0x0 /home/sasquachdm/opt/microchip/avr8-gnu-toolchain-linux_x86_64/bin/../lib/gcc/avr/5.4.0/avrxmega3/libgcc.a(_exit.o)
 .data          0x0000000000000000        0x0 /home/sasquachdm/opt/microchip/avr8-gnu-toolchain-linux_x86_64/bin/../lib/gcc/avr/5.4.0/avrxmega3/libgcc.a(_exit.o)
 .bss           0x0000000000000000        0x0 /home/sasquachdm/opt/microchip/avr8-gnu-toolchain-linux_x86_64/bin/../lib/gcc/avr/5.4.0/avrxmega3/libgcc.a(_exit.o)
 .text.libgcc.mul
                0x0000000000000000        0x0 /home/sasquachdm/opt/microchip/avr8-gnu-toolchain-linux_x86_64/bin/../lib/gcc/avr/5.4.0/avrxmega3/libgcc.a(_exit.o)
 .text.libgcc.div
                0x0000000000000000        0x0 /home/sasquachdm/opt/microchip/avr8-gnu-toolchain-linux_x86_64/bin/../lib/gcc/avr/5.4.0/avrxmega3/libgcc.a(_exit.o)
 .text.libgcc   0x0000000000000000        0x0 /home/sasquachdm/opt/microchip/avr8-gnu-toolchain-linux_x86_64/bin/../lib/gcc/avr/5.4.0/avrxmega3/libgcc.a(_exit.o)
 .text.libgcc.prologue
                0x0000000000000000        0x0 /home/sasquachdm/opt/microchip/avr8-gnu-toolchain-linux_x86_64/bin/../lib/gcc/avr/5.4.0/avrxmega3/libgcc.a(_exit.o)
 .text.libgcc.builtins
                0x0000000000000000        0x0 /home/sasquachdm/opt/microchip/avr8-gnu-toolchain-linux_x86_64/bin/../lib/gcc/avr/5.4.0/avrxmega3/libgcc.a(_exit.o)
 .text.libgcc.fmul
                0x0000000000000000        0x0 /home/sasquachdm/opt/microchip/avr8-gnu-toolchain-linux_x86_64/bin/../lib/gcc/avr/5.4.0/avrxmega3/libgcc.a(_exit.o)
 .text.libgcc.fixed
                0x0000000000000000        0x0 /home/sasquachdm/opt/microchip/avr8-gnu-toolchain-linux_x86_64/bin/../lib/gcc/avr/5.4.0/avrxmega3/libgcc.a(_exit.o)
 .text          0x0000000000000000        0x0 /home/sasquachdm/opt/microchip/avr8-gnu-toolchain-linux_x86_64/bin/../lib/gcc/avr/5.4.0/avrxmega3/libgcc.a(_tablejump2.o)
 .data          0x0000000000000000        0x0 /home/sasquachdm/opt/microchip/avr8-gnu-toolchain-linux_x86_64/bin/../lib/gcc/avr/5.4.0/avrxmega3/libgcc.a(_tablejump2.o)
 .bss           0x0000000000000000        0x0 /home/sasquachdm/opt/microchip/avr8-gnu-toolchain-linux_x86_64/bin/../lib/gcc/avr/5.4.0/avrxmega3/libgcc.a(_tablejump2.o)
 .text.libgcc.mul
                0x0000000000000000        0x0 /home/sasquachdm/opt/microchip/avr8-gnu-toolchain-linux_x86_64/bin/../lib/gcc/avr/5.4.0/avrxmega3/libgcc.a(_tablejump2.o)
 .text.libgcc.div
                0x0000000000000000        0x0 /home/sasquachdm/opt/microchip/avr8-gnu-toolchain-linux_x86_64/bin/../lib/gcc/avr/5.4.0/avrxmega3/libgcc.a(_tablejump2.o)
 .text.libgcc.prologue
                0x0000000000000000        0x0 /home/sasquachdm/opt/microchip/avr8-gnu-toolchain-linux_x86_64/bin/../lib/gcc/avr/5.4.0/avrxmega3/libgcc.a(_tablejump2.o)
 .text.libgcc.builtins
                0x0000000000000000        0x0 /home/sasquachdm/opt/microchip/avr8-gnu-toolchain-linux_x86_64/bin/../lib/gcc/avr/5.4.0/avrxmega3/libgcc.a(_tablejump2.o)
 .text.libgcc.fmul
                0x0000000000000000        0x0 /home/sasquachdm/opt/microchip/avr8-gnu-toolchain-linux_x86_64/bin/../lib/gcc/avr/5.4.0/avrxmega3/libgcc.a(_tablejump2.o)
 .text.libgcc.fixed
                0x0000000000000000        0x0 /home/sasquachdm/opt/microchip/avr8-gnu-toolchain-linux_x86_64/bin/../lib/gcc/avr/5.4.0/avrxmega3/libgcc.a(_tablejump2.o)
 .text          0x0000000000000000        0x0 /home/sasquachdm/opt/microchip/avr8-gnu-toolchain-linux_x86_64/bin/../lib/gcc/avr/5.4.0/avrxmega3/libgcc.a(_copy_data.o)
 .data          0x0000000000000000        0x0 /home/sasquachdm/opt/microchip/avr8-gnu-toolchain-linux_x86_64/bin/../lib/gcc/avr/5.4.0/avrxmega3/libgcc.a(_copy_data.o)
 .bss           0x0000000000000000        0x0 /home/sasquachdm/opt/microchip/avr8-gnu-toolchain-linux_x86_64/bin/../lib/gcc/avr/5.4.0/avrxmega3/libgcc.a(_copy_data.o)
 .text.libgcc.mul
                0x0000000000000000        0x0 /home/sasquachdm/opt/microchip/avr8-gnu-toolchain-linux_x86_64/bin/../lib/gcc/avr/5.4.0/avrxmega3/libgcc.a(_copy_data.o)
 .text.libgcc.div
                0x0000000000000000        0x0 /home/sasquachdm/opt/microchip/avr8-gnu-toolchain-linux_x86_64/bin/../lib/gcc/avr/5.4.0/avrxmega3/libgcc.a(_copy_data.o)
 .text.libgcc   0x0000000000000000        0x0 /home/sasquachdm/opt/microchip/avr8-gnu-toolchain-linux_x86_64/bin/../lib/gcc/avr/5.4.0/avrxmega3/libgcc.a(_copy_data.o)
 .text.libgcc.prologue
                0x0000000000000000        0x0 /home/sasquachdm/opt/microchip/avr8-gnu-toolchain-linux_x86_64/bin/../lib/gcc/avr/5.4.0/avrxmega3/libgcc.a(_copy_data.o)
 .text.libgcc.builtins
                0x0000000000000000        0x0 /home/sasquachdm/opt/microchip/avr8-gnu-toolchain-linux_x86_64/bin/../lib/gcc/avr/5.4.0/avrxmega3/libgcc.a(_copy_data.o)
 .text.libgcc.fmul
                0x0000000000000000        0x0 /home/sasquachdm/opt/microchip/avr8-gnu-toolchain-linux_x86_64/bin/../lib/gcc/avr/5.4.0/avrxmega3/libgcc.a(_copy_data.o)
 .text.libgcc.fixed
                0x0000000000000000        0x0 /home/sasquachdm/opt/microchip/avr8-gnu-toolchain-linux_x86_64/bin/../lib/gcc/avr/5.4.0/avrxmega3/libgcc.a(_copy_data.o)
 .text          0x0000000000000000        0x0 /home/sasquachdm/opt/microchip/avr8-gnu-toolchain-linux_x86_64/bin/../lib/gcc/avr/5.4.0/avrxmega3/libgcc.a(_clear_bss.o)
 .data          0x0000000000000000        0x0 /home/sasquachdm/opt/microchip/avr8-gnu-toolchain-linux_x86_64/bin/../lib/gcc/avr/5.4.0/avrxmega3/libgcc.a(_clear_bss.o)
 .bss           0x0000000000000000        0x0 /home/sasquachdm/opt/microchip/avr8-gnu-toolchain-linux_x86_64/bin/../lib/gcc/avr/5.4.0/avrxmega3/libgcc.a(_clear_bss.o)
 .text.libgcc.mul
                0x0000000000000000        0x0 /home/sasquachdm/opt/microchip/avr8-gnu-toolchain-linux_x86_64/bin/../lib/gcc/avr/5.4.0/avrxmega3/libgcc.a(_clear_bss.o)
 .text.libgcc.div
                0x0000000000000000        0x0 /home/sasquachdm/opt/microchip/avr8-gnu-toolchain-linux_x86_64/bin/../lib/gcc/avr/5.4.0/avrxmega3/libgcc.a(_clear_bss.o)
 .text.libgcc   0x0000000000000000        0x0 /home/sasquachdm/opt/microchip/avr8-gnu-toolchain-linux_x86_64/bin/../lib/gcc/avr/5.4.0/avrxmega3/libgcc.a(_clear_bss.o)
 .text.libgcc.prologue
                0x0000000000000000        0x0 /home/sasquachdm/opt/microchip/avr8-gnu-toolchain-linux_x86_64/bin/../lib/gcc/avr/5.4.0/avrxmega3/libgcc.a(_clear_bss.o)
 .text.libgcc.builtins
                0x0000000000000000        0x0 /home/sasquachdm/opt/microchip/avr8-gnu-toolchain-linux_x86_64/bin/../lib/gcc/avr/5.4.0/avrxmega3/libgcc.a(_clear_bss.o)
 .text.libgcc.fmul
                0x0000000000000000        0x0 /home/sasquachdm/opt/microchip/avr8-gnu-toolchain-linux_x86_64/bin/../lib/gcc/avr/5.4.0/avrxmega3/libgcc.a(_clear_bss.o)
 .text.libgcc.fixed
                0x0000000000000000        0x0 /home/sasquachdm/opt/microchip/avr8-gnu-toolchain-linux_x86_64/bin/../lib/gcc/avr/5.4.0/avrxmega3/libgcc.a(_clear_bss.o)

Memory Configuration

Name             Origin             Length             Attributes
text             0x0000000000000000 0x000000000000c000 xr
data             0x0000000000802000 0x0000000000001800 rw !x
eeprom           0x0000000000810000 0x0000000000000100 rw !x
fuse             0x0000000000820000 0x0000000000000009 rw !x
lock             0x0000000000830000 0x0000000000000400 rw !x
signature        0x0000000000840000 0x0000000000000400 rw !x
user_signatures  0x0000000000850000 0x0000000000000400 rw !x
*default*        0x0000000000000000 0xffffffffffffffff

Linker script and memory map

Address of section .data set to 0x802800
                0x0000000000004000                __RODATA_PM_OFFSET__ = 0x4000
LOAD /opt/microchip/mplabx/v5.30/packs/Microchip/ATmega_DFP/2.0.12/gcc/dev/atmega4809/avrxmega3/crtatmega4809.o
LOAD build/default/debug/main.o
LOAD build/default/debug/inverter.o
LOAD build/default/debug/modbus.o
LOAD build/default/debug/yaMBSiavr.o
                0x0000000000000001                __MPLAB_BUILD = 0x1
                0x0000000000000001                __ICD2RAM = 0x1
                0x0000000000000001                __MPLAB_DEBUG = 0x1
                0x0000000000000001                __DEBUG = 0x1
START GROUP
LOAD /home/sasquachdm/opt/microchip/avr8-gnu-toolchain-linux_x86_64/bin/../lib/gcc/avr/5.4.0/../../../../avr/lib/avrxmega3/libm.a
END GROUP
START GROUP
LOAD /home/sasquachdm/opt/microchip/avr8-gnu-toolchain-linux_x86_64/bin/../lib/gcc/avr/5.4.0/avrxmega3/libgcc.a
LOAD /home/sasquachdm/opt/microchip/avr8-gnu-toolchain-linux_x86_64/bin/../lib/gcc/avr/5.4.0/../../../../avr/lib/avrxmega3/libm.a
LOAD /home/sasquachdm/opt/microchip/avr8-gnu-toolchain-linux_x86_64/bin/../lib/gcc/avr/5.4.0/../../../../avr/lib/avrxmega3/libc.a
LOAD /opt/microchip/mplabx/v5.30/packs/Microchip/ATmega_DFP/2.0.12/gcc/dev/atmega4809/avrxmega3/libatmega4809.a
END GROUP
                [0x000000000000c000]                __TEXT_REGION_LENGTH__ = DEFINED (__TEXT_REGION_LENGTH__)?__TEXT_REGION_LENGTH__:0x100000
                [0x0000000000001800]                __DATA_REGION_LENGTH__ = DEFINED (__DATA_REGION_LENGTH__)?__DATA_REGION_LENGTH__:0xffa0
                [0x0000000000000100]                __EEPROM_REGION_LENGTH__ = DEFINED (__EEPROM_REGION_LENGTH__)?__EEPROM_REGION_LENGTH__:0x10000
                [0x0000000000000009]                __FUSE_REGION_LENGTH__ = DEFINED (__FUSE_REGION_LENGTH__)?__FUSE_REGION_LENGTH__:0x400
                0x0000000000000400                __LOCK_REGION_LENGTH__ = DEFINED (__LOCK_REGION_LENGTH__)?__LOCK_REGION_LENGTH__:0x400
                0x0000000000000400                __SIGNATURE_REGION_LENGTH__ = DEFINED (__SIGNATURE_REGION_LENGTH__)?__SIGNATURE_REGION_LENGTH__:0x400
                0x0000000000000400                __USER_SIGNATURE_REGION_LENGTH__ = DEFINED (__USER_SIGNATURE_REGION_LENGTH__)?__USER_SIGNATURE_REGION_LENGTH__:0x400
                0x0000000000008000                __RODATA_PM_OFFSET__ = DEFINED (__RODATA_PM_OFFSET__)?__RODATA_PM_OFFSET__:0x8000

.hash
 *(.hash)

.dynsym
 *(.dynsym)

.dynstr
 *(.dynstr)

.gnu.version
 *(.gnu.version)

.gnu.version_d
 *(.gnu.version_d)

.gnu.version_r
 *(.gnu.version_r)

.rel.init
 *(.rel.init)

.rela.init
 *(.rela.init)

.rel.text
 *(.rel.text)
 *(.rel.text.*)
 *(.rel.gnu.linkonce.t*)

.rela.text
 *(.rela.text)
 *(.rela.text.*)
 *(.rela.gnu.linkonce.t*)

.rel.fini
 *(.rel.fini)

.rela.fini
 *(.rela.fini)

.rel.rodata
 *(.rel.rodata)
 *(.rel.rodata.*)
 *(.rel.gnu.linkonce.r*)

.rela.rodata
 *(.rela.rodata)
 *(.rela.rodata.*)
 *(.rela.gnu.linkonce.r*)

.rel.data
 *(.rel.data)
 *(.rel.data.*)
 *(.rel.gnu.linkonce.d*)

.rela.data
 *(.rela.data)
 *(.rela.data.*)
 *(.rela.gnu.linkonce.d*)

.rel.ctors
 *(.rel.ctors)

.rela.ctors
 *(.rela.ctors)

.rel.dtors
 *(.rel.dtors)

.rela.dtors
 *(.rela.dtors)

.rel.got
 *(.rel.got)

.rela.got
 *(.rela.got)

.rel.bss
 *(.rel.bss)

.rela.bss
 *(.rela.bss)

.rel.plt
 *(.rel.plt)

.rela.plt
 *(.rela.plt)

.text           0x0000000000000000      0xbe8
 *(.vectors)
 .vectors       0x0000000000000000       0xa0 /opt/microchip/mplabx/v5.30/packs/Microchip/ATmega_DFP/2.0.12/gcc/dev/atmega4809/avrxmega3/crtatmega4809.o
                0x0000000000000000                __vectors
                0x0000000000000000                __vector_default
 *(.vectors)
 *(.progmem.gcc*)
 .progmem.gcc_sw_table.modbus_get
                0x00000000000000a0       0x20 build/default/debug/modbus.o
                0x00000000000000c0                . = ALIGN (0x2)
                0x00000000000000c0                __trampolines_start = .
 *(.trampolines)
 .trampolines   0x00000000000000c0        0x0 linker stubs
 *(.trampolines*)
                0x00000000000000c0                __trampolines_end = .
 *libprintf_flt.a:*(.progmem.data)
 *libc.a:*(.progmem.data)
 *(.progmem*)
                0x00000000000000c0                . = ALIGN (0x2)
 *(.jumptables)
 *(.jumptables*)
 *(.lowtext)
 *(.lowtext*)
                0x00000000000000c0                __ctors_start = .
 *(.ctors)
                0x00000000000000c0                __ctors_end = .
                0x00000000000000c0                __dtors_start = .
 *(.dtors)
                0x00000000000000c0                __dtors_end = .
 SORT(*)(.ctors)
 SORT(*)(.dtors)
 *(.init0)
 .init0         0x00000000000000c0        0x0 /opt/microchip/mplabx/v5.30/packs/Microchip/ATmega_DFP/2.0.12/gcc/dev/atmega4809/avrxmega3/crtatmega4809.o
                0x00000000000000c0                __init
 *(.init0)
 *(.init1)
 *(.init1)
 *(.init2)
 .init2         0x00000000000000c0        0xc /opt/microchip/mplabx/v5.30/packs/Microchip/ATmega_DFP/2.0.12/gcc/dev/atmega4809/avrxmega3/crtatmega4809.o
 *(.init2)
 *(.init3)
 *(.init3)
 *(.init4)
 .init4         0x00000000000000cc       0x16 /home/sasquachdm/opt/microchip/avr8-gnu-toolchain-linux_x86_64/bin/../lib/gcc/avr/5.4.0/avrxmega3/libgcc.a(_copy_data.o)
                0x00000000000000cc                __do_copy_data
 .init4         0x00000000000000e2       0x10 /home/sasquachdm/opt/microchip/avr8-gnu-toolchain-linux_x86_64/bin/../lib/gcc/avr/5.4.0/avrxmega3/libgcc.a(_clear_bss.o)
                0x00000000000000e2                __do_clear_bss
 *(.init4)
 *(.init5)
 *(.init5)
 *(.init6)
 *(.init6)
 *(.init7)
 *(.init7)
 *(.init8)
 *(.init8)
 *(.init9)
 .init9         0x00000000000000f2        0x8 /opt/microchip/mplabx/v5.30/packs/Microchip/ATmega_DFP/2.0.12/gcc/dev/atmega4809/avrxmega3/crtatmega4809.o
 *(.init9)
 *(.text)
 .text          0x00000000000000fa        0x4 /opt/microchip/mplabx/v5.30/packs/Microchip/ATmega_DFP/2.0.12/gcc/dev/atmega4809/avrxmega3/crtatmega4809.o
                0x00000000000000fa                __vector_38
                0x00000000000000fa                __vector_22
                0x00000000000000fa                __vector_28
                0x00000000000000fa                __vector_1
                0x00000000000000fa                __vector_32
                0x00000000000000fa                __vector_34
                0x00000000000000fa                __vector_24
                0x00000000000000fa                __bad_interrupt
                0x00000000000000fa                __vector_6
                0x00000000000000fa                __vector_31
                0x00000000000000fa                __vector_35
                0x00000000000000fa                __vector_39
                0x00000000000000fa                __vector_23
                0x00000000000000fa                __vector_30
                0x00000000000000fa                __vector_25
                0x00000000000000fa                __vector_11
                0x00000000000000fa                __vector_13
                0x00000000000000fa                __vector_7
                0x00000000000000fa                __vector_5
                0x00000000000000fa                __vector_33
                0x00000000000000fa                __vector_37
                0x00000000000000fa                __vector_4
                0x00000000000000fa                __vector_9
                0x00000000000000fa                __vector_2
                0x00000000000000fa                __vector_21
                0x00000000000000fa                __vector_15
                0x00000000000000fa                __vector_36
                0x00000000000000fa                __vector_29
                0x00000000000000fa                __vector_8
                0x00000000000000fa                __vector_14
                0x00000000000000fa                __vector_10
                0x00000000000000fa                __vector_16
                0x00000000000000fa                __vector_20
                0x00000000000000fe                . = ALIGN (0x2)
 *(.text.*)
 .text.__vector_12
                0x00000000000000fe       0x68 build/default/debug/main.o
                0x00000000000000fe                __vector_12
 .text.tick_interupt_init
                0x0000000000000166       0x16 build/default/debug/main.o
                0x0000000000000166                tick_interupt_init
 .text.main     0x000000000000017c       0x34 build/default/debug/main.o
                0x000000000000017c                main
 .text.__vector_3
                0x00000000000001b0       0x66 build/default/debug/inverter.o
                0x00000000000001b0                __vector_3
 .text.__vector_26
                0x0000000000000216       0xca build/default/debug/inverter.o
                0x0000000000000216                __vector_26
 .text.__vector_27
                0x00000000000002e0       0x52 build/default/debug/inverter.o
                0x00000000000002e0                __vector_27
 .text.RTC_0_init
                0x0000000000000332       0x22 build/default/debug/inverter.o
                0x0000000000000332                RTC_0_init
 .text.USART_1_init
                0x0000000000000354       0x26 build/default/debug/inverter.o
                0x0000000000000354                USART_1_init
 .text.INVERTER_init
                0x000000000000037a        0xa build/default/debug/inverter.o
                0x000000000000037a                INVERTER_init
 .text.INVERTER_tick
                0x0000000000000384       0x58 build/default/debug/inverter.o
                0x0000000000000384                INVERTER_tick
 .text.modbus_get
                0x00000000000003dc       0xbc build/default/debug/modbus.o
                0x00000000000003dc                modbus_get
 .text.modbus_init
                0x0000000000000498        0xc build/default/debug/modbus.o
                0x0000000000000498                modbus_init
 .text.modbus_tick
                0x00000000000004a4        0x6 build/default/debug/modbus.o
                0x00000000000004a4                modbus_tick
 .text.modbusGetBusState
                0x00000000000004aa        0x6 build/default/debug/yaMBSiavr.o
                0x00000000000004aa                modbusGetBusState
 .text.modbusSetAddress
                0x00000000000004b0        0x6 build/default/debug/yaMBSiavr.o
                0x00000000000004b0                modbusSetAddress
 .text.crc16    0x00000000000004b6       0x8c build/default/debug/yaMBSiavr.o
                0x00000000000004b6                crc16
 .text.listBitCopy
                0x0000000000000542       0x82 build/default/debug/yaMBSiavr.o
                0x0000000000000542                listBitCopy
 .text.modbusReset
                0x00000000000005c4       0x10 build/default/debug/yaMBSiavr.o
                0x00000000000005c4                modbusReset
 .text.modbusTickTimer
                0x00000000000005d4       0x8c build/default/debug/yaMBSiavr.o
                0x00000000000005d4                modbusTickTimer
 .text.__vector_17
                0x0000000000000660       0xee build/default/debug/yaMBSiavr.o
                0x0000000000000660                __vector_17
 .text.__vector_18
                0x000000000000074e       0x84 build/default/debug/yaMBSiavr.o
                0x000000000000074e                __vector_18
 .text.__vector_19
                0x00000000000007d2       0x4e build/default/debug/yaMBSiavr.o
                0x00000000000007d2                __vector_19
 .text.modbusInit
                0x0000000000000820       0x28 build/default/debug/yaMBSiavr.o
                0x0000000000000820                modbusInit
 .text.modbusSendMessage
                0x0000000000000848       0x3a build/default/debug/yaMBSiavr.o
                0x0000000000000848                modbusSendMessage
 .text.modbusSendException
                0x0000000000000882       0x14 build/default/debug/yaMBSiavr.o
                0x0000000000000882                modbusSendException
 .text.modbusRequestedAmount
                0x0000000000000896        0xe build/default/debug/yaMBSiavr.o
                0x0000000000000896                modbusRequestedAmount
 .text.modbusRequestedAddress
                0x00000000000008a4        0xe build/default/debug/yaMBSiavr.o
                0x00000000000008a4                modbusRequestedAddress
 .text.intToModbusRegister
                0x00000000000008b2       0x26 build/default/debug/yaMBSiavr.o
                0x00000000000008b2                intToModbusRegister
 .text.modbusRegisterToInt
                0x00000000000008d8       0x2a build/default/debug/yaMBSiavr.o
                0x00000000000008d8                modbusRegisterToInt
 .text.modbusExchangeRegisters
                0x0000000000000902      0x140 build/default/debug/yaMBSiavr.o
                0x0000000000000902                modbusExchangeRegisters
 .text.modbusExchangeBits
                0x0000000000000a42      0x196 build/default/debug/yaMBSiavr.o
                0x0000000000000a42                modbusExchangeBits
 .text.libgcc   0x0000000000000bd8        0xc /home/sasquachdm/opt/microchip/avr8-gnu-toolchain-linux_x86_64/bin/../lib/gcc/avr/5.4.0/avrxmega3/libgcc.a(_tablejump2.o)
                0x0000000000000bd8                __tablejump2__
                0x0000000000000be4                . = ALIGN (0x2)
 *(.fini9)
 .fini9         0x0000000000000be4        0x0 /home/sasquachdm/opt/microchip/avr8-gnu-toolchain-linux_x86_64/bin/../lib/gcc/avr/5.4.0/avrxmega3/libgcc.a(_exit.o)
                0x0000000000000be4                exit
                0x0000000000000be4                _exit
 *(.fini9)
 *(.fini8)
 *(.fini8)
 *(.fini7)
 *(.fini7)
 *(.fini6)
 *(.fini6)
 *(.fini5)
 *(.fini5)
 *(.fini4)
 *(.fini4)
 *(.fini3)
 *(.fini3)
 *(.fini2)
 *(.fini2)
 *(.fini1)
 *(.fini1)
 *(.fini0)
 .fini0         0x0000000000000be4        0x4 /home/sasquachdm/opt/microchip/avr8-gnu-toolchain-linux_x86_64/bin/../lib/gcc/avr/5.4.0/avrxmega3/libgcc.a(_exit.o)
 *(.fini0)
                0x0000000000000be8                _etext = .

.rodata
 *(.rodata)
 *(.rodata*)
 *(.gnu.linkonce.r*)

.data           0x0000000000802800        0x2 load address 0x0000000000000be8
                0x0000000000802800                PROVIDE (__data_start, .)
 *(.data)
 *(.data*)
 .data.PacketTopIndex
                0x0000000000802800        0x1 build/default/debug/yaMBSiavr.o
                0x0000000000802800                PacketTopIndex
 *(.gnu.linkonce.d*)
                0x0000000000802802                . = ALIGN (0x2)
 *fill*         0x0000000000802801        0x1 
                0x0000000000802802                _edata = .
                0x0000000000802802                PROVIDE (__data_end, .)

.bss            0x0000000000802802      0x147
                0x0000000000802802                PROVIDE (__bss_start, .)
 *(.bss)
 *(.bss*)
 .bss.tickcount
                0x0000000000802802        0x1 build/default/debug/main.o
                0x0000000000802802                tickcount
 .bss.Inverter_Com_stat
                0x0000000000802803        0x1 build/default/debug/inverter.o
                0x0000000000802803                Inverter_Com_stat
 .bss.Inverter_Com_count
                0x0000000000802804        0x1 build/default/debug/inverter.o
                0x0000000000802804                Inverter_Com_count
 .bss.Inverter_Tick_count
                0x0000000000802805        0x2 build/default/debug/inverter.o
                0x0000000000802805                Inverter_Tick_count
 .bss.ins       0x0000000000802807        0x1 build/default/debug/modbus.o
                0x0000000000802807                ins
 .bss.outstate  0x0000000000802808        0x1 build/default/debug/modbus.o
                0x0000000000802808                outstate
 .bss.Address   0x0000000000802809        0x1 build/default/debug/yaMBSiavr.o
                0x0000000000802809                Address
 .bss.modbusTimer
                0x000000000080280a        0x2 build/default/debug/yaMBSiavr.o
                0x000000000080280a                modbusTimer
 .bss.BusState  0x000000000080280c        0x1 build/default/debug/yaMBSiavr.o
                0x000000000080280c                BusState
 .bss.DataPos   0x000000000080280d        0x2 build/default/debug/yaMBSiavr.o
                0x000000000080280d                DataPos
 *(COMMON)
 COMMON         0x000000000080280f       0x2a build/default/debug/inverter.o
                0x000000000080280f                Inverter
                0x0000000000802836                Inverter_RX_Error
                0x0000000000802837                Inverter_last_bytetime
 COMMON         0x0000000000802839      0x110 build/default/debug/modbus.o
                0x0000000000802839                holdingRegisters
                0x0000000000802841                inputRegisters
                0x0000000000802849                rxbuffer
                0x0000000000802949                PROVIDE (__bss_end, .)
                0x0000000000000be8                __data_load_start = LOADADDR (.data)
                0x0000000000000bea                __data_load_end = (__data_load_start + SIZEOF (.data))

.noinit         0x0000000000802949        0x0
                [!provide]                        PROVIDE (__noinit_start, .)
 *(.noinit*)
                [!provide]                        PROVIDE (__noinit_end, .)
                0x0000000000802949                _end = .
                [!provide]                        PROVIDE (__heap_start, .)

.eeprom         0x0000000000810000        0x0
 *(.eeprom*)
                0x0000000000810000                __eeprom_end = .

.fuse           0x0000000000820000        0x9
 *(.fuse)
 .fuse          0x0000000000820000        0x9 build/default/debug/main.o
                0x0000000000820000                __fuse
 *(.lfuse)
 *(.hfuse)
 *(.efuse)

.lock           0x0000000000830000        0x1
 *(.lock*)
 .lock          0x0000000000830000        0x1 build/default/debug/main.o
                0x0000000000830000                __lock

.signature
 *(.signature*)

.user_signatures
 *(.user_signatures*)

.stab
 *(.stab)

.stabstr
 *(.stabstr)

.stab.excl
 *(.stab.excl)

.stab.exclstr
 *(.stab.exclstr)

.stab.index
 *(.stab.index)

.stab.indexstr
 *(.stab.indexstr)

.comment        0x0000000000000000       0x30
 *(.comment)
 .comment       0x0000000000000000       0x30 build/default/debug/main.o
                                         0x31 (size before relaxing)
 .comment       0x0000000000000030       0x31 build/default/debug/inverter.o
 .comment       0x0000000000000030       0x31 build/default/debug/modbus.o
 .comment       0x0000000000000030       0x31 build/default/debug/yaMBSiavr.o

.note.gnu.avr.deviceinfo
                0x0000000000000000       0x40
 .note.gnu.avr.deviceinfo
                0x0000000000000000       0x40 /opt/microchip/mplabx/v5.30/packs/Microchip/ATmega_DFP/2.0.12/gcc/dev/atmega4809/avrxmega3/crtatmega4809.o

.note.gnu.build-id
 *(.note.gnu.build-id)

.debug
 *(.debug)

.line
 *(.line)

.debug_srcinfo
 *(.debug_srcinfo)

.debug_sfnames
 *(.debug_sfnames)

.debug_aranges  0x0000000000000000      0x190
 *(.debug_aranges)
 .debug_aranges
                0x0000000000000000       0x30 build/default/debug/main.o
 .debug_aranges
                0x0000000000000030       0x78 build/default/debug/inverter.o
 .debug_aranges
                0x00000000000000a8       0x30 build/default/debug/modbus.o
 .debug_aranges
                0x00000000000000d8       0xb8 build/default/debug/yaMBSiavr.o

.debug_pubnames
 *(.debug_pubnames)

.debug_info     0x0000000000000000     0x46d3
 *(.debug_info .gnu.linkonce.wi.*)
 .debug_info    0x0000000000000000     0x248a /opt/microchip/mplabx/v5.30/packs/Microchip/ATmega_DFP/2.0.12/gcc/dev/atmega4809/avrxmega3/crtatmega4809.o
 .debug_info    0x000000000000248a      0x680 build/default/debug/main.o
 .debug_info    0x0000000000002b0a      0xb9f build/default/debug/inverter.o
 .debug_info    0x00000000000036a9      0x3bf build/default/debug/modbus.o
 .debug_info    0x0000000000003a68      0xc6b build/default/debug/yaMBSiavr.o

.debug_abbrev   0x0000000000000000     0x2941
 *(.debug_abbrev)
 .debug_abbrev  0x0000000000000000     0x2296 /opt/microchip/mplabx/v5.30/packs/Microchip/ATmega_DFP/2.0.12/gcc/dev/atmega4809/avrxmega3/crtatmega4809.o
 .debug_abbrev  0x0000000000002296      0x148 build/default/debug/main.o
 .debug_abbrev  0x00000000000023de      0x1e7 build/default/debug/inverter.o
 .debug_abbrev  0x00000000000025c5       0xe0 build/default/debug/modbus.o
 .debug_abbrev  0x00000000000026a5      0x29c build/default/debug/yaMBSiavr.o

.debug_line     0x0000000000000000      0xe8b
 *(.debug_line .debug_line.* .debug_line_end)
 .debug_line    0x0000000000000000      0x187 /opt/microchip/mplabx/v5.30/packs/Microchip/ATmega_DFP/2.0.12/gcc/dev/atmega4809/avrxmega3/crtatmega4809.o
 .debug_line    0x0000000000000187      0x1ac build/default/debug/main.o
 .debug_line    0x0000000000000333      0x33a build/default/debug/inverter.o
 .debug_line    0x000000000000066d      0x143 build/default/debug/modbus.o
 .debug_line    0x00000000000007b0      0x6db build/default/debug/yaMBSiavr.o

.debug_frame    0x0000000000000000      0x478
 *(.debug_frame)
 .debug_frame   0x0000000000000000       0x8c build/default/debug/main.o
 .debug_frame   0x000000000000008c      0x140 build/default/debug/inverter.o
 .debug_frame   0x00000000000001cc       0x44 build/default/debug/modbus.o
 .debug_frame   0x0000000000000210      0x268 build/default/debug/yaMBSiavr.o

.debug_str      0x0000000000000000     0x20fc
 *(.debug_str)
 .debug_str     0x0000000000000000      0xf85 /opt/microchip/mplabx/v5.30/packs/Microchip/ATmega_DFP/2.0.12/gcc/dev/atmega4809/avrxmega3/crtatmega4809.o
 .debug_str     0x0000000000000f85      0x65b build/default/debug/main.o
                                        0x6cc (size before relaxing)
 .debug_str     0x00000000000015e0      0x714 build/default/debug/inverter.o
                                        0x9ec (size before relaxing)
 .debug_str     0x0000000000001cf4       0xcd build/default/debug/modbus.o
                                        0x27d (size before relaxing)
 .debug_str     0x0000000000001dc1      0x33b build/default/debug/yaMBSiavr.o
                                        0x811 (size before relaxing)

.debug_loc      0x0000000000000000      0xc1e
 *(.debug_loc)
 .debug_loc     0x0000000000000000       0xcb build/default/debug/main.o
 .debug_loc     0x00000000000000cb      0x15b build/default/debug/inverter.o
 .debug_loc     0x0000000000000226      0x9f8 build/default/debug/yaMBSiavr.o

.debug_macinfo
 *(.debug_macinfo)

.debug_weaknames
 *(.debug_weaknames)

.debug_funcnames
 *(.debug_funcnames)

.debug_typenames
 *(.debug_typenames)

.debug_varnames
 *(.debug_varnames)

.debug_pubtypes
 *(.debug_pubtypes)

.debug_ranges   0x0000000000000000      0x150
 *(.debug_ranges)
 .debug_ranges  0x0000000000000000       0x20 build/default/debug/main.o
 .debug_ranges  0x0000000000000020       0x68 build/default/debug/inverter.o
 .debug_ranges  0x0000000000000088       0x20 build/default/debug/modbus.o
 .debug_ranges  0x00000000000000a8       0xa8 build/default/debug/yaMBSiavr.o

.debug_macro
 *(.debug_macro)
OUTPUT(dist/default/debug/inverter_serial.debug.elf elf32-avr)
LOAD linker stubs
