Archive member included to satisfy reference by file (symbol)

/home/sasquachdm/opt/microchip/avr8-gnu-toolchain-linux_x86_64/bin/../lib/gcc/avr/5.4.0/avrxmega3/libgcc.a(_exit.o)
                              /opt/microchip/mplabx/v5.30/packs/Microchip/ATmega_DFP/2.0.12/gcc/dev/atmega4809/avrxmega3/crtatmega4809.o (exit)
/home/sasquachdm/opt/microchip/avr8-gnu-toolchain-linux_x86_64/bin/../lib/gcc/avr/5.4.0/avrxmega3/libgcc.a(_tablejump2.o)
                              build/default/production/modbus.o (__tablejump2__)
/home/sasquachdm/opt/microchip/avr8-gnu-toolchain-linux_x86_64/bin/../lib/gcc/avr/5.4.0/avrxmega3/libgcc.a(_copy_data.o)
                              build/default/production/yaMBSiavr.o (__do_copy_data)
/home/sasquachdm/opt/microchip/avr8-gnu-toolchain-linux_x86_64/bin/../lib/gcc/avr/5.4.0/avrxmega3/libgcc.a(_clear_bss.o)
                              build/default/production/main.o (__do_clear_bss)
/home/sasquachdm/opt/microchip/avr8-gnu-toolchain-linux_x86_64/bin/../lib/gcc/avr/5.4.0/../../../../avr/lib/avrxmega3/libc.a(memcpy.o)
                              build/default/production/nvmctrl.o (memcpy)

Allocating common symbols
Common symbol       size              file

InverterData        0x31              build/default/production/inverter.o
EEpromData          0x10              build/default/production/inverter.o
Inverter_RX_Error   0x1               build/default/production/inverter.o
modbusData          0x40              build/default/production/modbus.o
rxbuffer            0x100             build/default/production/modbus.o

Discarded input sections

 .data          0x0000000000000000        0x0 /opt/microchip/mplabx/v5.30/packs/Microchip/ATmega_DFP/2.0.12/gcc/dev/atmega4809/avrxmega3/crtatmega4809.o
 .bss           0x0000000000000000        0x0 /opt/microchip/mplabx/v5.30/packs/Microchip/ATmega_DFP/2.0.12/gcc/dev/atmega4809/avrxmega3/crtatmega4809.o
 .text          0x0000000000000000        0x0 build/default/production/main.o
 .data          0x0000000000000000        0x0 build/default/production/main.o
 .bss           0x0000000000000000        0x0 build/default/production/main.o
 .text          0x0000000000000000        0x0 build/default/production/inverter.o
 .data          0x0000000000000000        0x0 build/default/production/inverter.o
 .bss           0x0000000000000000        0x0 build/default/production/inverter.o
 .text.USART_1_enable
                0x0000000000000000        0xc build/default/production/inverter.o
 .text.USART_1_enable_rx
                0x0000000000000000        0xc build/default/production/inverter.o
 .text.USART_1_enable_tx
                0x0000000000000000        0xc build/default/production/inverter.o
 .text.USART_1_disable
                0x0000000000000000        0xc build/default/production/inverter.o
 .text.USART_1_get_data
                0x0000000000000000        0x6 build/default/production/inverter.o
 .text          0x0000000000000000        0x0 build/default/production/modbus.o
 .data          0x0000000000000000        0x0 build/default/production/modbus.o
 .bss           0x0000000000000000        0x0 build/default/production/modbus.o
 .bss.outs      0x0000000000000000        0x1 build/default/production/modbus.o
 .bss.ins       0x0000000000000000        0x1 build/default/production/modbus.o
 .bss.outstate  0x0000000000000000        0x1 build/default/production/modbus.o
 .bss.instate   0x0000000000000000        0x1 build/default/production/modbus.o
 .text          0x0000000000000000        0x0 build/default/production/yaMBSiavr.o
 .data          0x0000000000000000        0x0 build/default/production/yaMBSiavr.o
 .bss           0x0000000000000000        0x0 build/default/production/yaMBSiavr.o
 .text.modbusGetAddress
                0x0000000000000000        0x6 build/default/production/yaMBSiavr.o
 .text.listRegisterCopy
                0x0000000000000000       0x20 build/default/production/yaMBSiavr.o
 .bss.modBusStaMaStates
                0x0000000000000000        0x1 build/default/production/yaMBSiavr.o
 .text          0x0000000000000000        0x0 build/default/production/nvmctrl.o
 .data          0x0000000000000000        0x0 build/default/production/nvmctrl.o
 .bss           0x0000000000000000        0x0 build/default/production/nvmctrl.o
 .text.NVMCTRL_register_callback
                0x0000000000000000        0xa build/default/production/nvmctrl.o
 .text.NVMCTRL_read_eeprom_byte
                0x0000000000000000       0x10 build/default/production/nvmctrl.o
 .text.NVMCTRL_write_eeprom_block
                0x0000000000000000       0x3c build/default/production/nvmctrl.o
 .text.NVMCTRL_write_eeprom_byte
                0x0000000000000000       0x22 build/default/production/nvmctrl.o
 .text.NVMCTRL_is_eeprom_ready
                0x0000000000000000        0xe build/default/production/nvmctrl.o
 .text          0x0000000000000000        0x0 /home/sasquachdm/opt/microchip/avr8-gnu-toolchain-linux_x86_64/bin/../lib/gcc/avr/5.4.0/avrxmega3/libgcc.a(_exit.o)
 .data          0x0000000000000000        0x0 /home/sasquachdm/opt/microchip/avr8-gnu-toolchain-linux_x86_64/bin/../lib/gcc/avr/5.4.0/avrxmega3/libgcc.a(_exit.o)
 .bss           0x0000000000000000        0x0 /home/sasquachdm/opt/microchip/avr8-gnu-toolchain-linux_x86_64/bin/../lib/gcc/avr/5.4.0/avrxmega3/libgcc.a(_exit.o)
 .text.libgcc.mul
                0x0000000000000000        0x0 /home/sasquachdm/opt/microchip/avr8-gnu-toolchain-linux_x86_64/bin/../lib/gcc/avr/5.4.0/avrxmega3/libgcc.a(_exit.o)
 .text.libgcc.div
                0x0000000000000000        0x0 /home/sasquachdm/opt/microchip/avr8-gnu-toolchain-linux_x86_64/bin/../lib/gcc/avr/5.4.0/avrxmega3/libgcc.a(_exit.o)
 .text.libgcc   0x0000000000000000        0x0 /home/sasquachdm/opt/microchip/avr8-gnu-toolchain-linux_x86_64/bin/../lib/gcc/avr/5.4.0/avrxmega3/libgcc.a(_exit.o)
 .text.libgcc.prologue
                0x0000000000000000        0x0 /home/sasquachdm/opt/microchip/avr8-gnu-toolchain-linux_x86_64/bin/../lib/gcc/avr/5.4.0/avrxmega3/libgcc.a(_exit.o)
 .text.libgcc.builtins
                0x0000000000000000        0x0 /home/sasquachdm/opt/microchip/avr8-gnu-toolchain-linux_x86_64/bin/../lib/gcc/avr/5.4.0/avrxmega3/libgcc.a(_exit.o)
 .text.libgcc.fmul
                0x0000000000000000        0x0 /home/sasquachdm/opt/microchip/avr8-gnu-toolchain-linux_x86_64/bin/../lib/gcc/avr/5.4.0/avrxmega3/libgcc.a(_exit.o)
 .text.libgcc.fixed
                0x0000000000000000        0x0 /home/sasquachdm/opt/microchip/avr8-gnu-toolchain-linux_x86_64/bin/../lib/gcc/avr/5.4.0/avrxmega3/libgcc.a(_exit.o)
 .text          0x0000000000000000        0x0 /home/sasquachdm/opt/microchip/avr8-gnu-toolchain-linux_x86_64/bin/../lib/gcc/avr/5.4.0/avrxmega3/libgcc.a(_tablejump2.o)
 .data          0x0000000000000000        0x0 /home/sasquachdm/opt/microchip/avr8-gnu-toolchain-linux_x86_64/bin/../lib/gcc/avr/5.4.0/avrxmega3/libgcc.a(_tablejump2.o)
 .bss           0x0000000000000000        0x0 /home/sasquachdm/opt/microchip/avr8-gnu-toolchain-linux_x86_64/bin/../lib/gcc/avr/5.4.0/avrxmega3/libgcc.a(_tablejump2.o)
 .text.libgcc.mul
                0x0000000000000000        0x0 /home/sasquachdm/opt/microchip/avr8-gnu-toolchain-linux_x86_64/bin/../lib/gcc/avr/5.4.0/avrxmega3/libgcc.a(_tablejump2.o)
 .text.libgcc.div
                0x0000000000000000        0x0 /home/sasquachdm/opt/microchip/avr8-gnu-toolchain-linux_x86_64/bin/../lib/gcc/avr/5.4.0/avrxmega3/libgcc.a(_tablejump2.o)
 .text.libgcc.prologue
                0x0000000000000000        0x0 /home/sasquachdm/opt/microchip/avr8-gnu-toolchain-linux_x86_64/bin/../lib/gcc/avr/5.4.0/avrxmega3/libgcc.a(_tablejump2.o)
 .text.libgcc.builtins
                0x0000000000000000        0x0 /home/sasquachdm/opt/microchip/avr8-gnu-toolchain-linux_x86_64/bin/../lib/gcc/avr/5.4.0/avrxmega3/libgcc.a(_tablejump2.o)
 .text.libgcc.fmul
                0x0000000000000000        0x0 /home/sasquachdm/opt/microchip/avr8-gnu-toolchain-linux_x86_64/bin/../lib/gcc/avr/5.4.0/avrxmega3/libgcc.a(_tablejump2.o)
 .text.libgcc.fixed
                0x0000000000000000        0x0 /home/sasquachdm/opt/microchip/avr8-gnu-toolchain-linux_x86_64/bin/../lib/gcc/avr/5.4.0/avrxmega3/libgcc.a(_tablejump2.o)
 .text          0x0000000000000000        0x0 /home/sasquachdm/opt/microchip/avr8-gnu-toolchain-linux_x86_64/bin/../lib/gcc/avr/5.4.0/avrxmega3/libgcc.a(_copy_data.o)
 .data          0x0000000000000000        0x0 /home/sasquachdm/opt/microchip/avr8-gnu-toolchain-linux_x86_64/bin/../lib/gcc/avr/5.4.0/avrxmega3/libgcc.a(_copy_data.o)
 .bss           0x0000000000000000        0x0 /home/sasquachdm/opt/microchip/avr8-gnu-toolchain-linux_x86_64/bin/../lib/gcc/avr/5.4.0/avrxmega3/libgcc.a(_copy_data.o)
 .text.libgcc.mul
                0x0000000000000000        0x0 /home/sasquachdm/opt/microchip/avr8-gnu-toolchain-linux_x86_64/bin/../lib/gcc/avr/5.4.0/avrxmega3/libgcc.a(_copy_data.o)
 .text.libgcc.div
                0x0000000000000000        0x0 /home/sasquachdm/opt/microchip/avr8-gnu-toolchain-linux_x86_64/bin/../lib/gcc/avr/5.4.0/avrxmega3/libgcc.a(_copy_data.o)
 .text.libgcc   0x0000000000000000        0x0 /home/sasquachdm/opt/microchip/avr8-gnu-toolchain-linux_x86_64/bin/../lib/gcc/avr/5.4.0/avrxmega3/libgcc.a(_copy_data.o)
 .text.libgcc.prologue
                0x0000000000000000        0x0 /home/sasquachdm/opt/microchip/avr8-gnu-toolchain-linux_x86_64/bin/../lib/gcc/avr/5.4.0/avrxmega3/libgcc.a(_copy_data.o)
 .text.libgcc.builtins
                0x0000000000000000        0x0 /home/sasquachdm/opt/microchip/avr8-gnu-toolchain-linux_x86_64/bin/../lib/gcc/avr/5.4.0/avrxmega3/libgcc.a(_copy_data.o)
 .text.libgcc.fmul
                0x0000000000000000        0x0 /home/sasquachdm/opt/microchip/avr8-gnu-toolchain-linux_x86_64/bin/../lib/gcc/avr/5.4.0/avrxmega3/libgcc.a(_copy_data.o)
 .text.libgcc.fixed
                0x0000000000000000        0x0 /home/sasquachdm/opt/microchip/avr8-gnu-toolchain-linux_x86_64/bin/../lib/gcc/avr/5.4.0/avrxmega3/libgcc.a(_copy_data.o)
 .text          0x0000000000000000        0x0 /home/sasquachdm/opt/microchip/avr8-gnu-toolchain-linux_x86_64/bin/../lib/gcc/avr/5.4.0/avrxmega3/libgcc.a(_clear_bss.o)
 .data          0x0000000000000000        0x0 /home/sasquachdm/opt/microchip/avr8-gnu-toolchain-linux_x86_64/bin/../lib/gcc/avr/5.4.0/avrxmega3/libgcc.a(_clear_bss.o)
 .bss           0x0000000000000000        0x0 /home/sasquachdm/opt/microchip/avr8-gnu-toolchain-linux_x86_64/bin/../lib/gcc/avr/5.4.0/avrxmega3/libgcc.a(_clear_bss.o)
 .text.libgcc.mul
                0x0000000000000000        0x0 /home/sasquachdm/opt/microchip/avr8-gnu-toolchain-linux_x86_64/bin/../lib/gcc/avr/5.4.0/avrxmega3/libgcc.a(_clear_bss.o)
 .text.libgcc.div
                0x0000000000000000        0x0 /home/sasquachdm/opt/microchip/avr8-gnu-toolchain-linux_x86_64/bin/../lib/gcc/avr/5.4.0/avrxmega3/libgcc.a(_clear_bss.o)
 .text.libgcc   0x0000000000000000        0x0 /home/sasquachdm/opt/microchip/avr8-gnu-toolchain-linux_x86_64/bin/../lib/gcc/avr/5.4.0/avrxmega3/libgcc.a(_clear_bss.o)
 .text.libgcc.prologue
                0x0000000000000000        0x0 /home/sasquachdm/opt/microchip/avr8-gnu-toolchain-linux_x86_64/bin/../lib/gcc/avr/5.4.0/avrxmega3/libgcc.a(_clear_bss.o)
 .text.libgcc.builtins
                0x0000000000000000        0x0 /home/sasquachdm/opt/microchip/avr8-gnu-toolchain-linux_x86_64/bin/../lib/gcc/avr/5.4.0/avrxmega3/libgcc.a(_clear_bss.o)
 .text.libgcc.fmul
                0x0000000000000000        0x0 /home/sasquachdm/opt/microchip/avr8-gnu-toolchain-linux_x86_64/bin/../lib/gcc/avr/5.4.0/avrxmega3/libgcc.a(_clear_bss.o)
 .text.libgcc.fixed
                0x0000000000000000        0x0 /home/sasquachdm/opt/microchip/avr8-gnu-toolchain-linux_x86_64/bin/../lib/gcc/avr/5.4.0/avrxmega3/libgcc.a(_clear_bss.o)
 .text          0x0000000000000000        0x0 /home/sasquachdm/opt/microchip/avr8-gnu-toolchain-linux_x86_64/bin/../lib/gcc/avr/5.4.0/../../../../avr/lib/avrxmega3/libc.a(memcpy.o)
 .data          0x0000000000000000        0x0 /home/sasquachdm/opt/microchip/avr8-gnu-toolchain-linux_x86_64/bin/../lib/gcc/avr/5.4.0/../../../../avr/lib/avrxmega3/libc.a(memcpy.o)
 .bss           0x0000000000000000        0x0 /home/sasquachdm/opt/microchip/avr8-gnu-toolchain-linux_x86_64/bin/../lib/gcc/avr/5.4.0/../../../../avr/lib/avrxmega3/libc.a(memcpy.o)

Memory Configuration

Name             Origin             Length             Attributes
text             0x0000000000000000 0x000000000000c000 xr
data             0x0000000000802000 0x0000000000001800 rw !x
eeprom           0x0000000000810000 0x0000000000000100 rw !x
fuse             0x0000000000820000 0x0000000000000009 rw !x
lock             0x0000000000830000 0x0000000000000400 rw !x
signature        0x0000000000840000 0x0000000000000400 rw !x
user_signatures  0x0000000000850000 0x0000000000000400 rw !x
*default*        0x0000000000000000 0xffffffffffffffff

Linker script and memory map

Address of section .data set to 0x802800
                0x0000000000004000                __RODATA_PM_OFFSET__ = 0x4000
LOAD /opt/microchip/mplabx/v5.30/packs/Microchip/ATmega_DFP/2.0.12/gcc/dev/atmega4809/avrxmega3/crtatmega4809.o
LOAD build/default/production/main.o
LOAD build/default/production/inverter.o
LOAD build/default/production/modbus.o
LOAD build/default/production/yaMBSiavr.o
LOAD build/default/production/nvmctrl.o
                0x0000000000000001                __MPLAB_BUILD = 0x1
START GROUP
LOAD /home/sasquachdm/opt/microchip/avr8-gnu-toolchain-linux_x86_64/bin/../lib/gcc/avr/5.4.0/../../../../avr/lib/avrxmega3/libm.a
END GROUP
START GROUP
LOAD /home/sasquachdm/opt/microchip/avr8-gnu-toolchain-linux_x86_64/bin/../lib/gcc/avr/5.4.0/avrxmega3/libgcc.a
LOAD /home/sasquachdm/opt/microchip/avr8-gnu-toolchain-linux_x86_64/bin/../lib/gcc/avr/5.4.0/../../../../avr/lib/avrxmega3/libm.a
LOAD /home/sasquachdm/opt/microchip/avr8-gnu-toolchain-linux_x86_64/bin/../lib/gcc/avr/5.4.0/../../../../avr/lib/avrxmega3/libc.a
LOAD /opt/microchip/mplabx/v5.30/packs/Microchip/ATmega_DFP/2.0.12/gcc/dev/atmega4809/avrxmega3/libatmega4809.a
END GROUP
                [0x000000000000c000]                __TEXT_REGION_LENGTH__ = DEFINED (__TEXT_REGION_LENGTH__)?__TEXT_REGION_LENGTH__:0x100000
                [0x0000000000001800]                __DATA_REGION_LENGTH__ = DEFINED (__DATA_REGION_LENGTH__)?__DATA_REGION_LENGTH__:0xffa0
                [0x0000000000000100]                __EEPROM_REGION_LENGTH__ = DEFINED (__EEPROM_REGION_LENGTH__)?__EEPROM_REGION_LENGTH__:0x10000
                [0x0000000000000009]                __FUSE_REGION_LENGTH__ = DEFINED (__FUSE_REGION_LENGTH__)?__FUSE_REGION_LENGTH__:0x400
                0x0000000000000400                __LOCK_REGION_LENGTH__ = DEFINED (__LOCK_REGION_LENGTH__)?__LOCK_REGION_LENGTH__:0x400
                0x0000000000000400                __SIGNATURE_REGION_LENGTH__ = DEFINED (__SIGNATURE_REGION_LENGTH__)?__SIGNATURE_REGION_LENGTH__:0x400
                0x0000000000000400                __USER_SIGNATURE_REGION_LENGTH__ = DEFINED (__USER_SIGNATURE_REGION_LENGTH__)?__USER_SIGNATURE_REGION_LENGTH__:0x400
                0x0000000000008000                __RODATA_PM_OFFSET__ = DEFINED (__RODATA_PM_OFFSET__)?__RODATA_PM_OFFSET__:0x8000

.hash
 *(.hash)

.dynsym
 *(.dynsym)

.dynstr
 *(.dynstr)

.gnu.version
 *(.gnu.version)

.gnu.version_d
 *(.gnu.version_d)

.gnu.version_r
 *(.gnu.version_r)

.rel.init
 *(.rel.init)

.rela.init
 *(.rela.init)

.rel.text
 *(.rel.text)
 *(.rel.text.*)
 *(.rel.gnu.linkonce.t*)

.rela.text
 *(.rela.text)
 *(.rela.text.*)
 *(.rela.gnu.linkonce.t*)

.rel.fini
 *(.rel.fini)

.rela.fini
 *(.rela.fini)

.rel.rodata
 *(.rel.rodata)
 *(.rel.rodata.*)
 *(.rel.gnu.linkonce.r*)

.rela.rodata
 *(.rela.rodata)
 *(.rela.rodata.*)
 *(.rela.gnu.linkonce.r*)

.rel.data
 *(.rel.data)
 *(.rel.data.*)
 *(.rel.gnu.linkonce.d*)

.rela.data
 *(.rela.data)
 *(.rela.data.*)
 *(.rela.gnu.linkonce.d*)

.rel.ctors
 *(.rel.ctors)

.rela.ctors
 *(.rela.ctors)

.rel.dtors
 *(.rel.dtors)

.rela.dtors
 *(.rela.dtors)

.rel.got
 *(.rel.got)

.rela.got
 *(.rela.got)

.rel.bss
 *(.rel.bss)

.rela.bss
 *(.rela.bss)

.rel.plt
 *(.rel.plt)

.rela.plt
 *(.rela.plt)

.text           0x0000000000000000     0x10b4
 *(.vectors)
 .vectors       0x0000000000000000       0xa0 /opt/microchip/mplabx/v5.30/packs/Microchip/ATmega_DFP/2.0.12/gcc/dev/atmega4809/avrxmega3/crtatmega4809.o
                0x0000000000000000                __vectors
                0x0000000000000000                __vector_default
 *(.vectors)
 *(.progmem.gcc*)
 .progmem.gcc_sw_table.modbus_get
                0x00000000000000a0       0x20 build/default/production/modbus.o
                0x00000000000000c0                . = ALIGN (0x2)
                0x00000000000000c0                __trampolines_start = .
 *(.trampolines)
 .trampolines   0x00000000000000c0        0x0 linker stubs
 *(.trampolines*)
                0x00000000000000c0                __trampolines_end = .
 *libprintf_flt.a:*(.progmem.data)
 *libc.a:*(.progmem.data)
 *(.progmem*)
                0x00000000000000c0                . = ALIGN (0x2)
 *(.jumptables)
 *(.jumptables*)
 *(.lowtext)
 *(.lowtext*)
                0x00000000000000c0                __ctors_start = .
 *(.ctors)
                0x00000000000000c0                __ctors_end = .
                0x00000000000000c0                __dtors_start = .
 *(.dtors)
                0x00000000000000c0                __dtors_end = .
 SORT(*)(.ctors)
 SORT(*)(.dtors)
 *(.init0)
 .init0         0x00000000000000c0        0x0 /opt/microchip/mplabx/v5.30/packs/Microchip/ATmega_DFP/2.0.12/gcc/dev/atmega4809/avrxmega3/crtatmega4809.o
                0x00000000000000c0                __init
 *(.init0)
 *(.init1)
 *(.init1)
 *(.init2)
 .init2         0x00000000000000c0        0xc /opt/microchip/mplabx/v5.30/packs/Microchip/ATmega_DFP/2.0.12/gcc/dev/atmega4809/avrxmega3/crtatmega4809.o
 *(.init2)
 *(.init3)
 *(.init3)
 *(.init4)
 .init4         0x00000000000000cc       0x16 /home/sasquachdm/opt/microchip/avr8-gnu-toolchain-linux_x86_64/bin/../lib/gcc/avr/5.4.0/avrxmega3/libgcc.a(_copy_data.o)
                0x00000000000000cc                __do_copy_data
 .init4         0x00000000000000e2       0x10 /home/sasquachdm/opt/microchip/avr8-gnu-toolchain-linux_x86_64/bin/../lib/gcc/avr/5.4.0/avrxmega3/libgcc.a(_clear_bss.o)
                0x00000000000000e2                __do_clear_bss
 *(.init4)
 *(.init5)
 *(.init5)
 *(.init6)
 *(.init6)
 *(.init7)
 *(.init7)
 *(.init8)
 *(.init8)
 *(.init9)
 .init9         0x00000000000000f2        0x8 /opt/microchip/mplabx/v5.30/packs/Microchip/ATmega_DFP/2.0.12/gcc/dev/atmega4809/avrxmega3/crtatmega4809.o
 *(.init9)
 *(.text)
 .text          0x00000000000000fa        0x4 /opt/microchip/mplabx/v5.30/packs/Microchip/ATmega_DFP/2.0.12/gcc/dev/atmega4809/avrxmega3/crtatmega4809.o
                0x00000000000000fa                __vector_38
                0x00000000000000fa                __vector_22
                0x00000000000000fa                __vector_28
                0x00000000000000fa                __vector_1
                0x00000000000000fa                __vector_32
                0x00000000000000fa                __vector_34
                0x00000000000000fa                __vector_24
                0x00000000000000fa                __bad_interrupt
                0x00000000000000fa                __vector_6
                0x00000000000000fa                __vector_31
                0x00000000000000fa                __vector_35
                0x00000000000000fa                __vector_39
                0x00000000000000fa                __vector_23
                0x00000000000000fa                __vector_25
                0x00000000000000fa                __vector_11
                0x00000000000000fa                __vector_13
                0x00000000000000fa                __vector_7
                0x00000000000000fa                __vector_5
                0x00000000000000fa                __vector_33
                0x00000000000000fa                __vector_37
                0x00000000000000fa                __vector_4
                0x00000000000000fa                __vector_9
                0x00000000000000fa                __vector_2
                0x00000000000000fa                __vector_21
                0x00000000000000fa                __vector_15
                0x00000000000000fa                __vector_36
                0x00000000000000fa                __vector_29
                0x00000000000000fa                __vector_8
                0x00000000000000fa                __vector_14
                0x00000000000000fa                __vector_10
                0x00000000000000fa                __vector_16
                0x00000000000000fa                __vector_20
                0x00000000000000fe                . = ALIGN (0x2)
 *(.text.*)
 .text.__vector_12
                0x00000000000000fe       0x68 build/default/production/main.o
                0x00000000000000fe                __vector_12
 .text.tick_interupt_init
                0x0000000000000166       0x16 build/default/production/main.o
                0x0000000000000166                tick_interupt_init
 .text.startup.main
                0x000000000000017c       0x38 build/default/production/main.o
                0x000000000000017c                main
 .text.__vector_3
                0x00000000000001b4       0x6a build/default/production/inverter.o
                0x00000000000001b4                __vector_3
 .text.__vector_26
                0x000000000000021e       0xb8 build/default/production/inverter.o
                0x000000000000021e                __vector_26
 .text.__vector_27
                0x00000000000002d6       0x54 build/default/production/inverter.o
                0x00000000000002d6                __vector_27
 .text.RTC_0_init
                0x000000000000032a       0x26 build/default/production/inverter.o
                0x000000000000032a                RTC_0_init
 .text.USART_1_init
                0x0000000000000350       0x26 build/default/production/inverter.o
                0x0000000000000350                USART_1_init
 .text.INVERTER_RX_copy_data
                0x0000000000000376       0xdc build/default/production/inverter.o
                0x0000000000000376                INVERTER_RX_copy_data
 .text.INVERTER_TX_copy_data
                0x0000000000000452       0x76 build/default/production/inverter.o
                0x0000000000000452                INVERTER_TX_copy_data
 .text.INVERTER_TestLED
                0x00000000000004c8       0x5c build/default/production/inverter.o
                0x00000000000004c8                INVERTER_TestLED
 .text.INVERTER_RX_TestData
                0x0000000000000524       0xfa build/default/production/inverter.o
                0x0000000000000524                INVERTER_RX_TestData
 .text.INVERTER_load_eeprom
                0x000000000000061e       0x46 build/default/production/inverter.o
                0x000000000000061e                INVERTER_load_eeprom
 .text.INVERTER_init
                0x0000000000000664       0x14 build/default/production/inverter.o
                0x0000000000000664                INVERTER_init
 .text.INVERTER_store_eeprom
                0x0000000000000678       0x6c build/default/production/inverter.o
                0x0000000000000678                INVERTER_store_eeprom
 .text.INVERTER_RX_ComputeResponse
                0x00000000000006e4      0x10a build/default/production/inverter.o
                0x00000000000006e4                INVERTER_RX_ComputeResponse
 .text.INVERTER_tick
                0x00000000000007ee       0xc6 build/default/production/inverter.o
                0x00000000000007ee                INVERTER_tick
 .text.modbus_get
                0x00000000000008b4       0x66 build/default/production/modbus.o
                0x00000000000008b4                modbus_get
 .text.modbus_init
                0x000000000000091a        0xa build/default/production/modbus.o
                0x000000000000091a                modbus_init
 .text.modbus_tick
                0x0000000000000924        0x4 build/default/production/modbus.o
                0x0000000000000924                modbus_tick
 .text.modbusGetBusState
                0x0000000000000928        0x6 build/default/production/yaMBSiavr.o
                0x0000000000000928                modbusGetBusState
 .text.modbusSetAddress
                0x000000000000092e        0x6 build/default/production/yaMBSiavr.o
                0x000000000000092e                modbusSetAddress
 .text.crc16    0x0000000000000934       0x7c build/default/production/yaMBSiavr.o
                0x0000000000000934                crc16
 .text.listBitCopy
                0x00000000000009b0       0x60 build/default/production/yaMBSiavr.o
                0x00000000000009b0                listBitCopy
 .text.modbusReset
                0x0000000000000a10       0x10 build/default/production/yaMBSiavr.o
                0x0000000000000a10                modbusReset
 .text.modbusTickTimer
                0x0000000000000a20       0x86 build/default/production/yaMBSiavr.o
                0x0000000000000a20                modbusTickTimer
 .text.__vector_17
                0x0000000000000aa6       0xe6 build/default/production/yaMBSiavr.o
                0x0000000000000aa6                __vector_17
 .text.__vector_18
                0x0000000000000b8c       0x84 build/default/production/yaMBSiavr.o
                0x0000000000000b8c                __vector_18
 .text.__vector_19
                0x0000000000000c10       0x4e build/default/production/yaMBSiavr.o
                0x0000000000000c10                __vector_19
 .text.modbusInit
                0x0000000000000c5e       0x28 build/default/production/yaMBSiavr.o
                0x0000000000000c5e                modbusInit
 .text.modbusSendMessage
                0x0000000000000c86       0x3a build/default/production/yaMBSiavr.o
                0x0000000000000c86                modbusSendMessage
 .text.modbusSendException
                0x0000000000000cc0       0x12 build/default/production/yaMBSiavr.o
                0x0000000000000cc0                modbusSendException
 .text.modbusRequestedAmount
                0x0000000000000cd2        0xe build/default/production/yaMBSiavr.o
                0x0000000000000cd2                modbusRequestedAmount
 .text.modbusRequestedAddress
                0x0000000000000ce0        0xe build/default/production/yaMBSiavr.o
                0x0000000000000ce0                modbusRequestedAddress
 .text.intToModbusRegister
                0x0000000000000cee       0x20 build/default/production/yaMBSiavr.o
                0x0000000000000cee                intToModbusRegister
 .text.modbusRegisterToInt
                0x0000000000000d0e       0x26 build/default/production/yaMBSiavr.o
                0x0000000000000d0e                modbusRegisterToInt
 .text.modbusExchangeRegisters
                0x0000000000000d34      0x110 build/default/production/yaMBSiavr.o
                0x0000000000000d34                modbusExchangeRegisters
 .text.modbusExchangeBits
                0x0000000000000e44      0x15e build/default/production/yaMBSiavr.o
                0x0000000000000e44                modbusExchangeBits
 .text.__vector_30
                0x0000000000000fa2       0xd0 build/default/production/nvmctrl.o
                0x0000000000000fa2                __vector_30
 .text.NVMCTRL_init
                0x0000000000001072        0xc build/default/production/nvmctrl.o
                0x0000000000001072                NVMCTRL_init
 .text.NVMCTRL_read_eeprom_block
                0x000000000000107e       0x14 build/default/production/nvmctrl.o
                0x000000000000107e                NVMCTRL_read_eeprom_block
 .text.libgcc   0x0000000000001092        0xc /home/sasquachdm/opt/microchip/avr8-gnu-toolchain-linux_x86_64/bin/../lib/gcc/avr/5.4.0/avrxmega3/libgcc.a(_tablejump2.o)
                0x0000000000001092                __tablejump2__
 .text.avr-libc
                0x000000000000109e       0x12 /home/sasquachdm/opt/microchip/avr8-gnu-toolchain-linux_x86_64/bin/../lib/gcc/avr/5.4.0/../../../../avr/lib/avrxmega3/libc.a(memcpy.o)
                0x000000000000109e                memcpy
                0x00000000000010b0                . = ALIGN (0x2)
 *(.fini9)
 .fini9         0x00000000000010b0        0x0 /home/sasquachdm/opt/microchip/avr8-gnu-toolchain-linux_x86_64/bin/../lib/gcc/avr/5.4.0/avrxmega3/libgcc.a(_exit.o)
                0x00000000000010b0                exit
                0x00000000000010b0                _exit
 *(.fini9)
 *(.fini8)
 *(.fini8)
 *(.fini7)
 *(.fini7)
 *(.fini6)
 *(.fini6)
 *(.fini5)
 *(.fini5)
 *(.fini4)
 *(.fini4)
 *(.fini3)
 *(.fini3)
 *(.fini2)
 *(.fini2)
 *(.fini1)
 *(.fini1)
 *(.fini0)
 .fini0         0x00000000000010b0        0x4 /home/sasquachdm/opt/microchip/avr8-gnu-toolchain-linux_x86_64/bin/../lib/gcc/avr/5.4.0/avrxmega3/libgcc.a(_exit.o)
 *(.fini0)
                0x00000000000010b4                _etext = .

.rodata
 *(.rodata)
 *(.rodata*)
 *(.gnu.linkonce.r*)

.data           0x0000000000802800        0x2 load address 0x00000000000010b4
                0x0000000000802800                PROVIDE (__data_start, .)
 *(.data)
 *(.data*)
 .data.PacketTopIndex
                0x0000000000802800        0x1 build/default/production/yaMBSiavr.o
                0x0000000000802800                PacketTopIndex
 *(.gnu.linkonce.d*)
                0x0000000000802802                . = ALIGN (0x2)
 *fill*         0x0000000000802801        0x1 
                0x0000000000802802                _edata = .
                0x0000000000802802                PROVIDE (__data_end, .)

.bss            0x0000000000802802      0x191
                0x0000000000802802                PROVIDE (__bss_start, .)
 *(.bss)
 *(.bss*)
 .bss.tickcount
                0x0000000000802802        0x1 build/default/production/main.o
                0x0000000000802802                tickcount
 .bss.Address   0x0000000000802803        0x1 build/default/production/yaMBSiavr.o
                0x0000000000802803                Address
 .bss.modbusTimer
                0x0000000000802804        0x2 build/default/production/yaMBSiavr.o
                0x0000000000802804                modbusTimer
 .bss.BusState  0x0000000000802806        0x1 build/default/production/yaMBSiavr.o
                0x0000000000802806                BusState
 .bss.DataPos   0x0000000000802807        0x2 build/default/production/yaMBSiavr.o
                0x0000000000802807                DataPos
 .bss.NVMCTRL_desc
                0x0000000000802809        0x8 build/default/production/nvmctrl.o
 *(COMMON)
 COMMON         0x0000000000802811       0x42 build/default/production/inverter.o
                0x0000000000802811                InverterData
                0x0000000000802842                EEpromData
                0x0000000000802852                Inverter_RX_Error
 COMMON         0x0000000000802853      0x140 build/default/production/modbus.o
                0x0000000000802853                modbusData
                0x0000000000802893                rxbuffer
                0x0000000000802993                PROVIDE (__bss_end, .)
                0x00000000000010b4                __data_load_start = LOADADDR (.data)
                0x00000000000010b6                __data_load_end = (__data_load_start + SIZEOF (.data))

.noinit         0x0000000000802993        0x0
                [!provide]                        PROVIDE (__noinit_start, .)
 *(.noinit*)
                [!provide]                        PROVIDE (__noinit_end, .)
                0x0000000000802993                _end = .
                [!provide]                        PROVIDE (__heap_start, .)

.eeprom         0x0000000000810000        0x0
 *(.eeprom*)
                0x0000000000810000                __eeprom_end = .

.fuse
 *(.fuse)
 *(.lfuse)
 *(.hfuse)
 *(.efuse)

.lock
 *(.lock*)

.signature
 *(.signature*)

.user_signatures
 *(.user_signatures*)

.stab
 *(.stab)

.stabstr
 *(.stabstr)

.stab.excl
 *(.stab.excl)

.stab.exclstr
 *(.stab.exclstr)

.stab.index
 *(.stab.index)

.stab.indexstr
 *(.stab.indexstr)

.comment        0x0000000000000000       0x30
 *(.comment)
 .comment       0x0000000000000000       0x30 build/default/production/main.o
                                         0x31 (size before relaxing)
 .comment       0x0000000000000030       0x31 build/default/production/inverter.o
 .comment       0x0000000000000030       0x31 build/default/production/modbus.o
 .comment       0x0000000000000030       0x31 build/default/production/yaMBSiavr.o
 .comment       0x0000000000000030       0x31 build/default/production/nvmctrl.o

.note.gnu.avr.deviceinfo
                0x0000000000000000       0x40
 .note.gnu.avr.deviceinfo
                0x0000000000000000       0x40 /opt/microchip/mplabx/v5.30/packs/Microchip/ATmega_DFP/2.0.12/gcc/dev/atmega4809/avrxmega3/crtatmega4809.o

.note.gnu.build-id
 *(.note.gnu.build-id)

.debug
 *(.debug)

.line
 *(.line)

.debug_srcinfo
 *(.debug_srcinfo)

.debug_sfnames
 *(.debug_sfnames)

.debug_aranges
 *(.debug_aranges)

.debug_pubnames
 *(.debug_pubnames)

.debug_info     0x0000000000000000     0x248a
 *(.debug_info .gnu.linkonce.wi.*)
 .debug_info    0x0000000000000000     0x248a /opt/microchip/mplabx/v5.30/packs/Microchip/ATmega_DFP/2.0.12/gcc/dev/atmega4809/avrxmega3/crtatmega4809.o

.debug_abbrev   0x0000000000000000     0x2296
 *(.debug_abbrev)
 .debug_abbrev  0x0000000000000000     0x2296 /opt/microchip/mplabx/v5.30/packs/Microchip/ATmega_DFP/2.0.12/gcc/dev/atmega4809/avrxmega3/crtatmega4809.o

.debug_line     0x0000000000000000      0x187
 *(.debug_line .debug_line.* .debug_line_end)
 .debug_line    0x0000000000000000      0x187 /opt/microchip/mplabx/v5.30/packs/Microchip/ATmega_DFP/2.0.12/gcc/dev/atmega4809/avrxmega3/crtatmega4809.o

.debug_frame
 *(.debug_frame)

.debug_str      0x0000000000000000      0xf85
 *(.debug_str)
 .debug_str     0x0000000000000000      0xf85 /opt/microchip/mplabx/v5.30/packs/Microchip/ATmega_DFP/2.0.12/gcc/dev/atmega4809/avrxmega3/crtatmega4809.o

.debug_loc
 *(.debug_loc)

.debug_macinfo
 *(.debug_macinfo)

.debug_weaknames
 *(.debug_weaknames)

.debug_funcnames
 *(.debug_funcnames)

.debug_typenames
 *(.debug_typenames)

.debug_varnames
 *(.debug_varnames)

.debug_pubtypes
 *(.debug_pubtypes)

.debug_ranges
 *(.debug_ranges)

.debug_macro
 *(.debug_macro)
OUTPUT(dist/default/production/inverter_serial.production.elf elf32-avr)
LOAD linker stubs
